00:00 +0: loading D:/zindeV.2.0/test/matrix_test.dart
00:00 +0: Test Matrix Generator Accuracy
Yemekler Supabase'den ├ğekiliyor...
Toplam ${meals.length} yemek ├ğekildi.

=== HEDEF MAKROLAR ===
Kalori: 2800 kcal
Protein: 160.0 g
Karbonhidrat: 350.0 g
Ya─ş: 84.0 g
======================

[38;5;208mÔöîÔöÇÔöÇÔöÇÔöÇÔöÇÔöÇÔöÇÔöÇÔöÇÔöÇÔöÇÔöÇÔöÇÔöÇÔöÇÔöÇÔöÇÔöÇÔöÇÔöÇÔöÇÔöÇÔöÇÔöÇÔöÇÔöÇÔöÇÔöÇÔöÇÔöÇÔöÇÔöÇÔöÇÔöÇÔöÇÔöÇÔöÇÔöÇÔöÇÔöÇÔöÇÔöÇÔöÇÔöÇÔöÇÔöÇÔöÇÔöÇÔöÇÔöÇÔöÇÔöÇÔöÇÔöÇÔöÇÔöÇÔöÇÔöÇÔöÇÔöÇÔöÇÔöÇÔöÇÔöÇÔöÇÔöÇÔöÇÔöÇÔöÇÔöÇÔöÇÔöÇÔöÇÔöÇÔöÇÔöÇÔöÇÔöÇÔöÇ[0m
[38;5;208mÔöé #0   AppLogger.uyari (file:///D:/zindeV.2.0/lib/core/utils/logger.dart:26:46)[0m
[38;5;208mÔö£ÔöäÔöäÔöäÔöäÔöäÔöäÔöäÔöäÔöäÔöäÔöäÔöäÔöäÔöäÔöäÔöäÔöäÔöäÔöäÔöäÔöäÔöäÔöäÔöäÔöäÔöäÔöäÔöäÔöäÔöäÔöäÔöäÔöäÔöäÔöäÔöäÔöäÔöäÔöäÔöäÔöäÔöäÔöäÔöäÔöäÔöäÔöäÔöäÔöäÔöäÔöäÔöäÔöäÔöäÔöäÔöäÔöäÔöäÔöäÔöäÔöäÔöäÔöäÔöäÔöäÔöäÔöäÔöäÔöäÔöäÔöäÔöäÔöäÔöäÔöäÔöäÔöäÔöäÔöä[0m
[38;5;208mÔöé 18:01:13.246 (+0:00:00.001162)[0m
[38;5;208mÔö£ÔöäÔöäÔöäÔöäÔöäÔöäÔöäÔöäÔöäÔöäÔöäÔöäÔöäÔöäÔöäÔöäÔöäÔöäÔöäÔöäÔöäÔöäÔöäÔöäÔöäÔöäÔöäÔöäÔöäÔöäÔöäÔöäÔöäÔöäÔöäÔöäÔöäÔöäÔöäÔöäÔöäÔöäÔöäÔöäÔöäÔöäÔöäÔöäÔöäÔöäÔöäÔöäÔöäÔöäÔöäÔöäÔöäÔöäÔöäÔöäÔöäÔöäÔöäÔöäÔöäÔöäÔöäÔöäÔöäÔöäÔöäÔöäÔöäÔöäÔöäÔöäÔöäÔöäÔöä[0m
[38;5;208mÔöé ÔÜá´©Å kahvalti i├ğin 3x3 denklem sistemine uyan pozitif ├ğarpan bulunamad─▒! D├╝md├╝z oranlanarak ekleniyor.[0m
[38;5;208mÔööÔöÇÔöÇÔöÇÔöÇÔöÇÔöÇÔöÇÔöÇÔöÇÔöÇÔöÇÔöÇÔöÇÔöÇÔöÇÔöÇÔöÇÔöÇÔöÇÔöÇÔöÇÔöÇÔöÇÔöÇÔöÇÔöÇÔöÇÔöÇÔöÇÔöÇÔöÇÔöÇÔöÇÔöÇÔöÇÔöÇÔöÇÔöÇÔöÇÔöÇÔöÇÔöÇÔöÇÔöÇÔöÇÔöÇÔöÇÔöÇÔöÇÔöÇÔöÇÔöÇÔöÇÔöÇÔöÇÔöÇÔöÇÔöÇÔöÇÔöÇÔöÇÔöÇÔöÇÔöÇÔöÇÔöÇÔöÇÔöÇÔöÇÔöÇÔöÇÔöÇÔöÇÔöÇÔöÇÔöÇÔöÇÔöÇÔöÇ[0m
[38;5;208mÔöîÔöÇÔöÇÔöÇÔöÇÔöÇÔöÇÔöÇÔöÇÔöÇÔöÇÔöÇÔöÇÔöÇÔöÇÔöÇÔöÇÔöÇÔöÇÔöÇÔöÇÔöÇÔöÇÔöÇÔöÇÔöÇÔöÇÔöÇÔöÇÔöÇÔöÇÔöÇÔöÇÔöÇÔöÇÔöÇÔöÇÔöÇÔöÇÔöÇÔöÇÔöÇÔöÇÔöÇÔöÇÔöÇÔöÇÔöÇÔöÇÔöÇÔöÇÔöÇÔöÇÔöÇÔöÇÔöÇÔöÇÔöÇÔöÇÔöÇÔöÇÔöÇÔöÇÔöÇÔöÇÔöÇÔöÇÔöÇÔöÇÔöÇÔöÇÔöÇÔöÇÔöÇÔöÇÔöÇÔöÇÔöÇÔöÇÔöÇ[0m
[38;5;208mÔöé #0   AppLogger.uyari (file:///D:/zindeV.2.0/lib/core/utils/logger.dart:26:46)[0m
[38;5;208mÔö£ÔöäÔöäÔöäÔöäÔöäÔöäÔöäÔöäÔöäÔöäÔöäÔöäÔöäÔöäÔöäÔöäÔöäÔöäÔöäÔöäÔöäÔöäÔöäÔöäÔöäÔöäÔöäÔöäÔöäÔöäÔöäÔöäÔöäÔöäÔöäÔöäÔöäÔöäÔöäÔöäÔöäÔöäÔöäÔöäÔöäÔöäÔöäÔöäÔöäÔöäÔöäÔöäÔöäÔöäÔöäÔöäÔöäÔöäÔöäÔöäÔöäÔöäÔöäÔöäÔöäÔöäÔöäÔöäÔöäÔöäÔöäÔöäÔöäÔöäÔöäÔöäÔöäÔöäÔöä[0m
[38;5;208mÔöé 18:01:13.262 (+0:00:00.016955)[0m
[38;5;208mÔö£ÔöäÔöäÔöäÔöäÔöäÔöäÔöäÔöäÔöäÔöäÔöäÔöäÔöäÔöäÔöäÔöäÔöäÔöäÔöäÔöäÔöäÔöäÔöäÔöäÔöäÔöäÔöäÔöäÔöäÔöäÔöäÔöäÔöäÔöäÔöäÔöäÔöäÔöäÔöäÔöäÔöäÔöäÔöäÔöäÔöäÔöäÔöäÔöäÔöäÔöäÔöäÔöäÔöäÔöäÔöäÔöäÔöäÔöäÔöäÔöäÔöäÔöäÔöäÔöäÔöäÔöäÔöäÔöäÔöäÔöäÔöäÔöäÔöäÔöäÔöäÔöäÔöäÔöäÔöä[0m
[38;5;208mÔöé ÔÜá´©Å ogle i├ğin 3x3 denklem sistemine uyan pozitif ├ğarpan bulunamad─▒! D├╝md├╝z oranlanarak ekleniyor.[0m
[38;5;208mÔööÔöÇÔöÇÔöÇÔöÇÔöÇÔöÇÔöÇÔöÇÔöÇÔöÇÔöÇÔöÇÔöÇÔöÇÔöÇÔöÇÔöÇÔöÇÔöÇÔöÇÔöÇÔöÇÔöÇÔöÇÔöÇÔöÇÔöÇÔöÇÔöÇÔöÇÔöÇÔöÇÔöÇÔöÇÔöÇÔöÇÔöÇÔöÇÔöÇÔöÇÔöÇÔöÇÔöÇÔöÇÔöÇÔöÇÔöÇÔöÇÔöÇÔöÇÔöÇÔöÇÔöÇÔöÇÔöÇÔöÇÔöÇÔöÇÔöÇÔöÇÔöÇÔöÇÔöÇÔöÇÔöÇÔöÇÔöÇÔöÇÔöÇÔöÇÔöÇÔöÇÔöÇÔöÇÔöÇÔöÇÔöÇÔöÇÔöÇ[0m
[38;5;12mÔöîÔöÇÔöÇÔöÇÔöÇÔöÇÔöÇÔöÇÔöÇÔöÇÔöÇÔöÇÔöÇÔöÇÔöÇÔöÇÔöÇÔöÇÔöÇÔöÇÔöÇÔöÇÔöÇÔöÇÔöÇÔöÇÔöÇÔöÇÔöÇÔöÇÔöÇÔöÇÔöÇÔöÇÔöÇÔöÇÔöÇÔöÇÔöÇÔöÇÔöÇÔöÇÔöÇÔöÇÔöÇÔöÇÔöÇÔöÇÔöÇÔöÇÔöÇÔöÇÔöÇÔöÇÔöÇÔöÇÔöÇÔöÇÔöÇÔöÇÔöÇÔöÇÔöÇÔöÇÔöÇÔöÇÔöÇÔöÇÔöÇÔöÇÔöÇÔöÇÔöÇÔöÇÔöÇÔöÇÔöÇÔöÇÔöÇÔöÇ[0m
[38;5;12mÔöé #0   AppLogger.bilgi (file:///D:/zindeV.2.0/lib/core/utils/logger.dart:23:46)[0m
[38;5;12mÔö£ÔöäÔöäÔöäÔöäÔöäÔöäÔöäÔöäÔöäÔöäÔöäÔöäÔöäÔöäÔöäÔöäÔöäÔöäÔöäÔöäÔöäÔöäÔöäÔöäÔöäÔöäÔöäÔöäÔöäÔöäÔöäÔöäÔöäÔöäÔöäÔöäÔöäÔöäÔöäÔöäÔöäÔöäÔöäÔöäÔöäÔöäÔöäÔöäÔöäÔöäÔöäÔöäÔöäÔöäÔöäÔöäÔöäÔöäÔöäÔöäÔöäÔöäÔöäÔöäÔöäÔöäÔöäÔöäÔöäÔöäÔöäÔöäÔöäÔöäÔöäÔöäÔöäÔöäÔöä[0m
[38;5;12mÔöé 18:01:13.266 (+0:00:00.020571)[0m
[38;5;12mÔö£ÔöäÔöäÔöäÔöäÔöäÔöäÔöäÔöäÔöäÔöäÔöäÔöäÔöäÔöäÔöäÔöäÔöäÔöäÔöäÔöäÔöäÔöäÔöäÔöäÔöäÔöäÔöäÔöäÔöäÔöäÔöäÔöäÔöäÔöäÔöäÔöäÔöäÔöäÔöäÔöäÔöäÔöäÔöäÔöäÔöäÔöäÔöäÔöäÔöäÔöäÔöäÔöäÔöäÔöäÔöäÔöäÔöäÔöäÔöäÔöäÔöäÔöäÔöäÔöäÔöäÔöäÔöäÔöäÔöäÔöäÔöäÔöäÔöäÔöäÔöäÔöäÔöäÔöäÔöä[0m
[38;5;12mÔöé ­şÆí Ô£à Matris (Cramer) ├ç├Âz├╝m├╝ Tamamland─▒! Toplam P:145.0 C:335.0 Y:97.5 Kal:2798[0m
[38;5;12mÔööÔöÇÔöÇÔöÇÔöÇÔöÇÔöÇÔöÇÔöÇÔöÇÔöÇÔöÇÔöÇÔöÇÔöÇÔöÇÔöÇÔöÇÔöÇÔöÇÔöÇÔöÇÔöÇÔöÇÔöÇÔöÇÔöÇÔöÇÔöÇÔöÇÔöÇÔöÇÔöÇÔöÇÔöÇÔöÇÔöÇÔöÇÔöÇÔöÇÔöÇÔöÇÔöÇÔöÇÔöÇÔöÇÔöÇÔöÇÔöÇÔöÇÔöÇÔöÇÔöÇÔöÇÔöÇÔöÇÔöÇÔöÇÔöÇÔöÇÔöÇÔöÇÔöÇÔöÇÔöÇÔöÇÔöÇÔöÇÔöÇÔöÇÔöÇÔöÇÔöÇÔöÇÔöÇÔöÇÔöÇÔöÇÔöÇÔöÇ[0m

Ô£à OLU┼ŞTURULAN PLAN BA┼ŞARILI!

[${entry.key}]
Ad: ${ogun.ad}
Makrolar: ${ogun.kalori.toStringAsFixed(1)} kcal | P: ${ogun.protein.toStringAsFixed(1)}g | C: ${ogun.karbonhidrat.toStringAsFixed(1)}g | Y: ${ogun.yag.toStringAsFixed(1)}g
Malzemeler:
  - $m
  - $m
  - $m

[${entry.key}]
Ad: ${ogun.ad}
Makrolar: ${ogun.kalori.toStringAsFixed(1)} kcal | P: ${ogun.protein.toStringAsFixed(1)}g | C: ${ogun.karbonhidrat.toStringAsFixed(1)}g | Y: ${ogun.yag.toStringAsFixed(1)}g
Malzemeler:
  - $m
  - $m
  - $m
  - $m
  - $m
  - $m
  - $m
  - $m
  - $m
  - $m

[${entry.key}]
Ad: ${ogun.ad}
Makrolar: ${ogun.kalori.toStringAsFixed(1)} kcal | P: ${ogun.protein.toStringAsFixed(1)}g | C: ${ogun.karbonhidrat.toStringAsFixed(1)}g | Y: ${ogun.yag.toStringAsFixed(1)}g
Malzemeler:
  - $m
  - $m

[${entry.key}]
Ad: ${ogun.ad}
Makrolar: ${ogun.kalori.toStringAsFixed(1)} kcal | P: ${ogun.protein.toStringAsFixed(1)}g | C: ${ogun.karbonhidrat.toStringAsFixed(1)}g | Y: ${ogun.yag.toStringAsFixed(1)}g
Malzemeler:
  - $m
  - $m
  - $m
  - $m
  - $m

[${entry.key}]
Ad: ${ogun.ad}
Makrolar: ${ogun.kalori.toStringAsFixed(1)} kcal | P: ${ogun.protein.toStringAsFixed(1)}g | C: ${ogun.karbonhidrat.toStringAsFixed(1)}g | Y: ${ogun.yag.toStringAsFixed(1)}g
Malzemeler:
  - $m
  - $m
  - $m
  - $m
  - $m
  - $m
  - $m

[${entry.key}]
Ad: ${ogun.ad}
Makrolar: ${ogun.kalori.toStringAsFixed(1)} kcal | P: ${ogun.protein.toStringAsFixed(1)}g | C: ${ogun.karbonhidrat.toStringAsFixed(1)}g | Y: ${ogun.yag.toStringAsFixed(1)}g
Malzemeler:
  - $m
  - $m
  - $m

=== FINAL TEST SONUCU (TOTAL MAKROLAR) ===
Kalori: ${plan.toplamKalori.toStringAsFixed(1)} kcal
Protein: ${plan.toplamProtein.toStringAsFixed(1)} g
Karbonhidrat: ${plan.toplamKarbonhidrat.toStringAsFixed(1)} g
Ya─ş: ${plan.toplamYag.toStringAsFixed(1)} g

SAPI┼Ş M─░KTARLARI (TOLERANS):
Kalori Fark: ${kaloriFark.toStringAsFixed(2)}
Protein Fark: ${proteinFark.toStringAsFixed(2)}
Karb Fark: ${karbFark.toStringAsFixed(2)}
Ya─ş Fark: ${yagFark.toStringAsFixed(2)}
00:00 +1: All tests passed!
